[2026-06-08 16:26:47Z INFO HostContext] No proxy settings were found based on environmental variables (http_proxy/https_proxy/HTTP_PROXY/HTTPS_PROXY)
[2026-06-08 16:26:47Z INFO HostContext] Well known directory 'Bin': 'C:\Users\mrbob\Desktop\devsopserver\actions-runner\bin'
[2026-06-08 16:26:47Z INFO HostContext] Well known directory 'Root': 'C:\Users\mrbob\Desktop\devsopserver\actions-runner'
[2026-06-08 16:26:47Z INFO HostContext] Well known config file 'Credentials': 'C:\Users\mrbob\Desktop\devsopserver\actions-runner\.credentials'
[2026-06-08 16:26:48Z INFO HostContext] Well known directory 'Bin': 'C:\Users\mrbob\Desktop\devsopserver\actions-runner\bin'
[2026-06-08 16:26:48Z INFO HostContext] Well known directory 'Root': 'C:\Users\mrbob\Desktop\devsopserver\actions-runner'
[2026-06-08 16:26:48Z INFO HostContext] Well known config file 'Runner': 'C:\Users\mrbob\Desktop\devsopserver\actions-runner\.runner'
[2026-06-08 16:26:48Z INFO Listener] Runner is built for Windows (X64) - win-x64.
[2026-06-08 16:26:48Z INFO Listener] RuntimeInformation: Microsoft Windows 10.0.26200.
[2026-06-08 16:26:48Z INFO Listener] Version: 2.334.0
[2026-06-08 16:26:48Z INFO Listener] Commit: f1995ede5d885c997d13d8eca5467c4ce97fe69c
[2026-06-08 16:26:48Z INFO Listener] Culture: en-US
[2026-06-08 16:26:48Z INFO Listener] UI Culture: en-US
[2026-06-08 16:26:48Z INFO HostContext] Well known directory 'Bin': 'C:\Users\mrbob\Desktop\devsopserver\actions-runner\bin'
[2026-06-08 16:26:48Z INFO HostContext] Well known directory 'Root': 'C:\Users\mrbob\Desktop\devsopserver\actions-runner'
[2026-06-08 16:26:48Z INFO Listener] Validating directory permissions for: 'C:\Users\mrbob\Desktop\devsopserver\actions-runner'
[2026-06-08 16:26:48Z INFO CommandLineParser] Parse
[2026-06-08 16:26:48Z INFO CommandLineParser] Parsing 4 args
[2026-06-08 16:26:48Z INFO CommandLineParser] parsing argument
[2026-06-08 16:26:48Z INFO CommandLineParser] HasArgs: False
[2026-06-08 16:26:48Z INFO CommandLineParser] Adding Command: remove
[2026-06-08 16:26:48Z INFO CommandLineParser] parsing argument
[2026-06-08 16:26:48Z INFO CommandLineParser] HasArgs: True
[2026-06-08 16:26:48Z INFO CommandLineParser] arg: unattended
[2026-06-08 16:26:48Z INFO CommandLineParser] parsing argument
[2026-06-08 16:26:48Z INFO CommandLineParser] HasArgs: True
[2026-06-08 16:26:48Z INFO CommandLineParser] arg: token
[2026-06-08 16:26:48Z INFO CommandLineParser] Adding flag: unattended
[2026-06-08 16:26:48Z INFO CommandLineParser] parsing argument
[2026-06-08 16:26:48Z INFO CommandLineParser] HasArgs: True
[2026-06-08 16:26:48Z INFO CommandLineParser] Adding option 'token': '***'
[2026-06-08 16:26:48Z INFO Listener] Arguments parsed
[2026-06-08 16:26:48Z INFO CommandSettings] Command 'configure': 'False'
[2026-06-08 16:26:48Z INFO CommandSettings] Command 'remove': 'True'
[2026-06-08 16:26:48Z ERR  Terminal] WRITE ERROR: Unrecognized command-line input arguments for command remove: 'unattended'. For usage refer to: .\config.cmd --help or ./config.sh --help
[2026-06-08 16:26:48Z INFO Runner] ExecuteCommand
[2026-06-08 16:26:48Z INFO ConfigurationStore] currentAssemblyLocation: C:\Users\mrbob\Desktop\devsopserver\actions-runner\bin\Runner.Listener.dll
[2026-06-08 16:26:48Z INFO HostContext] Well known directory 'Bin': 'C:\Users\mrbob\Desktop\devsopserver\actions-runner\bin'
[2026-06-08 16:26:48Z INFO ConfigurationStore] binPath: C:\Users\mrbob\Desktop\devsopserver\actions-runner\bin
[2026-06-08 16:26:48Z INFO HostContext] Well known directory 'Bin': 'C:\Users\mrbob\Desktop\devsopserver\actions-runner\bin'
[2026-06-08 16:26:48Z INFO HostContext] Well known directory 'Root': 'C:\Users\mrbob\Desktop\devsopserver\actions-runner'
[2026-06-08 16:26:48Z INFO ConfigurationStore] RootFolder: C:\Users\mrbob\Desktop\devsopserver\actions-runner
[2026-06-08 16:26:48Z INFO HostContext] Well known directory 'Bin': 'C:\Users\mrbob\Desktop\devsopserver\actions-runner\bin'
[2026-06-08 16:26:48Z INFO HostContext] Well known directory 'Root': 'C:\Users\mrbob\Desktop\devsopserver\actions-runner'
[2026-06-08 16:26:48Z INFO HostContext] Well known config file 'Runner': 'C:\Users\mrbob\Desktop\devsopserver\actions-runner\.runner'
[2026-06-08 16:26:48Z INFO ConfigurationStore] ConfigFilePath: C:\Users\mrbob\Desktop\devsopserver\actions-runner\.runner
[2026-06-08 16:26:48Z INFO HostContext] Well known directory 'Bin': 'C:\Users\mrbob\Desktop\devsopserver\actions-runner\bin'
[2026-06-08 16:26:48Z INFO HostContext] Well known directory 'Root': 'C:\Users\mrbob\Desktop\devsopserver\actions-runner'
[2026-06-08 16:26:48Z INFO HostContext] Well known config file 'MigratedRunner': 'C:\Users\mrbob\Desktop\devsopserver\actions-runner\.runner_migrated'
[2026-06-08 16:26:48Z INFO ConfigurationStore] MigratedConfigFilePath: C:\Users\mrbob\Desktop\devsopserver\actions-runner\.runner_migrated
[2026-06-08 16:26:48Z INFO HostContext] Well known directory 'Bin': 'C:\Users\mrbob\Desktop\devsopserver\actions-runner\bin'
[2026-06-08 16:26:48Z INFO HostContext] Well known directory 'Root': 'C:\Users\mrbob\Desktop\devsopserver\actions-runner'
[2026-06-08 16:26:48Z INFO HostContext] Well known config file 'Credentials': 'C:\Users\mrbob\Desktop\devsopserver\actions-runner\.credentials'
[2026-06-08 16:26:48Z INFO ConfigurationStore] CredFilePath: C:\Users\mrbob\Desktop\devsopserver\actions-runner\.credentials
[2026-06-08 16:26:48Z INFO HostContext] Well known directory 'Bin': 'C:\Users\mrbob\Desktop\devsopserver\actions-runner\bin'
[2026-06-08 16:26:48Z INFO HostContext] Well known directory 'Root': 'C:\Users\mrbob\Desktop\devsopserver\actions-runner'
[2026-06-08 16:26:48Z INFO HostContext] Well known config file 'MigratedCredentials': 'C:\Users\mrbob\Desktop\devsopserver\actions-runner\.credentials_migrated'
[2026-06-08 16:26:48Z INFO ConfigurationStore] MigratedCredFilePath: C:\Users\mrbob\Desktop\devsopserver\actions-runner\.credentials_migrated
[2026-06-08 16:26:48Z INFO HostContext] Well known directory 'Bin': 'C:\Users\mrbob\Desktop\devsopserver\actions-runner\bin'
[2026-06-08 16:26:48Z INFO HostContext] Well known directory 'Root': 'C:\Users\mrbob\Desktop\devsopserver\actions-runner'
[2026-06-08 16:26:48Z INFO HostContext] Well known config file 'Service': 'C:\Users\mrbob\Desktop\devsopserver\actions-runner\.service'
[2026-06-08 16:26:48Z INFO ConfigurationStore] ServiceConfigFilePath: C:\Users\mrbob\Desktop\devsopserver\actions-runner\.service
[2026-06-08 16:26:48Z INFO CommandSettings] Flag 'help': 'False'
[2026-06-08 16:26:48Z INFO CommandSettings] Flag 'version': 'False'
[2026-06-08 16:26:48Z INFO CommandSettings] Flag 'commit': 'False'
[2026-06-08 16:26:48Z INFO CommandSettings] Flag 'check': 'False'
[2026-06-08 16:26:48Z INFO CommandSettings] Command 'configure': 'False'
[2026-06-08 16:26:48Z INFO CommandSettings] Command 'remove': 'True'
[2026-06-08 16:26:48Z INFO CommandSettings] Flag 'local': 'False'
[2026-06-08 16:26:48Z INFO ConfigurationStore] IsServiceConfigured()
[2026-06-08 16:26:48Z INFO ConfigurationStore] IsServiceConfigured: False
[2026-06-08 16:26:48Z INFO ConfigurationStore] IsConfigured()
[2026-06-08 16:26:48Z INFO ConfigurationStore] IsConfigured: True
[2026-06-08 16:26:48Z INFO ConfigurationStore] HasCredentials()
[2026-06-08 16:26:48Z INFO ConfigurationStore] stored True
[2026-06-08 16:26:48Z INFO ConfigurationStore] Read setting file: 399 chars
[2026-06-08 16:26:48Z INFO CommandSettings] Arg 'token': '***'
[2026-06-08 16:26:48Z INFO CommandSettings] Remove token from Arg dictionary.
[2026-06-08 16:26:49Z ERR  Terminal] WRITE ERROR: Http response code: NotFound from 'POST https://api.github.com/actions/runner-registration' (Request Id: 5C1D:1B101F:846D33:8E778B:6A26ED48)
[2026-06-08 16:26:49Z ERR  Terminal] WRITE ERROR: {"message":"Not Found","documentation_url":"https://docs.github.com/rest","status":"404"}
[2026-06-08 16:26:49Z ERR  Terminal] WRITE ERROR: Failed: Removing runner from the server
[2026-06-08 16:26:49Z ERR  Runner] System.Net.Http.HttpRequestException: Response status code does not indicate success: 404 (Not Found).
   at System.Net.Http.HttpResponseMessage.EnsureSuccessStatusCode()
   at GitHub.Runner.Listener.Configuration.ConfigurationManager.GetTenantCredential(String githubUrl, String githubToken, String runnerEvent)
   at GitHub.Runner.Listener.Configuration.ConfigurationManager.UnconfigureAsync(CommandSettings command)
   at GitHub.Runner.Listener.Runner.ExecuteCommand(CommandSettings command)
[2026-06-08 16:26:49Z ERR  Terminal] WRITE ERROR: Response status code does not indicate success: 404 (Not Found).
[2026-06-08 16:26:49Z INFO Listener] Runner execution has finished with return code 1
