[2026-06-08 16:34:12Z INFO HostContext] No proxy settings were found based on environmental variables (http_proxy/https_proxy/HTTP_PROXY/HTTPS_PROXY)
[2026-06-08 16:34:12Z INFO HostContext] Well known directory 'Bin': 'C:\Users\mrbob\Desktop\devsopserver\actions-runner\bin'
[2026-06-08 16:34:12Z INFO HostContext] Well known directory 'Root': 'C:\Users\mrbob\Desktop\devsopserver\actions-runner'
[2026-06-08 16:34:12Z INFO HostContext] Well known config file 'Credentials': 'C:\Users\mrbob\Desktop\devsopserver\actions-runner\.credentials'
[2026-06-08 16:34:12Z INFO HostContext] Well known directory 'Bin': 'C:\Users\mrbob\Desktop\devsopserver\actions-runner\bin'
[2026-06-08 16:34:12Z INFO HostContext] Well known directory 'Root': 'C:\Users\mrbob\Desktop\devsopserver\actions-runner'
[2026-06-08 16:34:12Z INFO HostContext] Well known config file 'Runner': 'C:\Users\mrbob\Desktop\devsopserver\actions-runner\.runner'
[2026-06-08 16:34:12Z INFO Listener] Runner is built for Windows (X64) - win-x64.
[2026-06-08 16:34:12Z INFO Listener] RuntimeInformation: Microsoft Windows 10.0.26200.
[2026-06-08 16:34:12Z INFO Listener] Version: 2.334.0
[2026-06-08 16:34:12Z INFO Listener] Commit: f1995ede5d885c997d13d8eca5467c4ce97fe69c
[2026-06-08 16:34:12Z INFO Listener] Culture: en-US
[2026-06-08 16:34:12Z INFO Listener] UI Culture: en-US
[2026-06-08 16:34:12Z INFO HostContext] Well known directory 'Bin': 'C:\Users\mrbob\Desktop\devsopserver\actions-runner\bin'
[2026-06-08 16:34:12Z INFO HostContext] Well known directory 'Root': 'C:\Users\mrbob\Desktop\devsopserver\actions-runner'
[2026-06-08 16:34:12Z INFO Listener] Validating directory permissions for: 'C:\Users\mrbob\Desktop\devsopserver\actions-runner'
[2026-06-08 16:34:12Z INFO CommandLineParser] Parse
[2026-06-08 16:34:12Z INFO CommandLineParser] Parsing 2 args
[2026-06-08 16:34:12Z INFO CommandLineParser] parsing argument
[2026-06-08 16:34:12Z INFO CommandLineParser] HasArgs: False
[2026-06-08 16:34:12Z INFO CommandLineParser] Adding Command: remove
[2026-06-08 16:34:12Z INFO CommandLineParser] parsing argument
[2026-06-08 16:34:12Z INFO CommandLineParser] HasArgs: True
[2026-06-08 16:34:12Z INFO CommandLineParser] arg: unattended
[2026-06-08 16:34:12Z INFO Listener] Arguments parsed
[2026-06-08 16:34:12Z INFO CommandSettings] Command 'configure': 'False'
[2026-06-08 16:34:12Z INFO CommandSettings] Command 'remove': 'True'
[2026-06-08 16:34:12Z ERR  Terminal] WRITE ERROR: Unrecognized command-line input arguments for command remove: 'unattended'. For usage refer to: .\config.cmd --help or ./config.sh --help
[2026-06-08 16:34:12Z INFO Runner] ExecuteCommand
[2026-06-08 16:34:12Z INFO ConfigurationStore] currentAssemblyLocation: C:\Users\mrbob\Desktop\devsopserver\actions-runner\bin\Runner.Listener.dll
[2026-06-08 16:34:12Z INFO HostContext] Well known directory 'Bin': 'C:\Users\mrbob\Desktop\devsopserver\actions-runner\bin'
[2026-06-08 16:34:12Z INFO ConfigurationStore] binPath: C:\Users\mrbob\Desktop\devsopserver\actions-runner\bin
[2026-06-08 16:34:12Z INFO HostContext] Well known directory 'Bin': 'C:\Users\mrbob\Desktop\devsopserver\actions-runner\bin'
[2026-06-08 16:34:12Z INFO HostContext] Well known directory 'Root': 'C:\Users\mrbob\Desktop\devsopserver\actions-runner'
[2026-06-08 16:34:12Z INFO ConfigurationStore] RootFolder: C:\Users\mrbob\Desktop\devsopserver\actions-runner
[2026-06-08 16:34:12Z INFO HostContext] Well known directory 'Bin': 'C:\Users\mrbob\Desktop\devsopserver\actions-runner\bin'
[2026-06-08 16:34:12Z INFO HostContext] Well known directory 'Root': 'C:\Users\mrbob\Desktop\devsopserver\actions-runner'
[2026-06-08 16:34:12Z INFO HostContext] Well known config file 'Runner': 'C:\Users\mrbob\Desktop\devsopserver\actions-runner\.runner'
[2026-06-08 16:34:12Z INFO ConfigurationStore] ConfigFilePath: C:\Users\mrbob\Desktop\devsopserver\actions-runner\.runner
[2026-06-08 16:34:12Z INFO HostContext] Well known directory 'Bin': 'C:\Users\mrbob\Desktop\devsopserver\actions-runner\bin'
[2026-06-08 16:34:12Z INFO HostContext] Well known directory 'Root': 'C:\Users\mrbob\Desktop\devsopserver\actions-runner'
[2026-06-08 16:34:12Z INFO HostContext] Well known config file 'MigratedRunner': 'C:\Users\mrbob\Desktop\devsopserver\actions-runner\.runner_migrated'
[2026-06-08 16:34:12Z INFO ConfigurationStore] MigratedConfigFilePath: C:\Users\mrbob\Desktop\devsopserver\actions-runner\.runner_migrated
[2026-06-08 16:34:12Z INFO HostContext] Well known directory 'Bin': 'C:\Users\mrbob\Desktop\devsopserver\actions-runner\bin'
[2026-06-08 16:34:12Z INFO HostContext] Well known directory 'Root': 'C:\Users\mrbob\Desktop\devsopserver\actions-runner'
[2026-06-08 16:34:12Z INFO HostContext] Well known config file 'Credentials': 'C:\Users\mrbob\Desktop\devsopserver\actions-runner\.credentials'
[2026-06-08 16:34:12Z INFO ConfigurationStore] CredFilePath: C:\Users\mrbob\Desktop\devsopserver\actions-runner\.credentials
[2026-06-08 16:34:12Z INFO HostContext] Well known directory 'Bin': 'C:\Users\mrbob\Desktop\devsopserver\actions-runner\bin'
[2026-06-08 16:34:12Z INFO HostContext] Well known directory 'Root': 'C:\Users\mrbob\Desktop\devsopserver\actions-runner'
[2026-06-08 16:34:12Z INFO HostContext] Well known config file 'MigratedCredentials': 'C:\Users\mrbob\Desktop\devsopserver\actions-runner\.credentials_migrated'
[2026-06-08 16:34:12Z INFO ConfigurationStore] MigratedCredFilePath: C:\Users\mrbob\Desktop\devsopserver\actions-runner\.credentials_migrated
[2026-06-08 16:34:12Z INFO HostContext] Well known directory 'Bin': 'C:\Users\mrbob\Desktop\devsopserver\actions-runner\bin'
[2026-06-08 16:34:12Z INFO HostContext] Well known directory 'Root': 'C:\Users\mrbob\Desktop\devsopserver\actions-runner'
[2026-06-08 16:34:12Z INFO HostContext] Well known config file 'Service': 'C:\Users\mrbob\Desktop\devsopserver\actions-runner\.service'
[2026-06-08 16:34:12Z INFO ConfigurationStore] ServiceConfigFilePath: C:\Users\mrbob\Desktop\devsopserver\actions-runner\.service
[2026-06-08 16:34:12Z INFO CommandSettings] Flag 'help': 'False'
[2026-06-08 16:34:12Z INFO CommandSettings] Flag 'version': 'False'
[2026-06-08 16:34:12Z INFO CommandSettings] Flag 'commit': 'False'
[2026-06-08 16:34:12Z INFO CommandSettings] Flag 'check': 'False'
[2026-06-08 16:34:12Z INFO CommandSettings] Command 'configure': 'False'
[2026-06-08 16:34:12Z INFO CommandSettings] Command 'remove': 'True'
[2026-06-08 16:34:12Z INFO CommandSettings] Flag 'local': 'False'
[2026-06-08 16:34:12Z INFO ConfigurationStore] IsServiceConfigured()
[2026-06-08 16:34:12Z INFO ConfigurationStore] IsServiceConfigured: False
[2026-06-08 16:34:12Z INFO ConfigurationStore] IsConfigured()
[2026-06-08 16:34:12Z INFO ConfigurationStore] IsConfigured: True
[2026-06-08 16:34:12Z INFO ConfigurationStore] HasCredentials()
[2026-06-08 16:34:12Z INFO ConfigurationStore] stored True
[2026-06-08 16:34:12Z INFO ConfigurationStore] Read setting file: 399 chars
[2026-06-08 16:34:12Z INFO CommandSettings] Arg 'token': ''
[2026-06-08 16:34:12Z INFO CommandSettings] Flag 'unattended': 'True'
[2026-06-08 16:34:12Z INFO PromptManager] ReadValue
[2026-06-08 16:34:12Z ERR  Terminal] WRITE ERROR: Failed: Removing runner from the server
[2026-06-08 16:34:12Z ERR  Runner] System.Exception: Invalid configuration provided for token. Terminating unattended configuration.
   at GitHub.Runner.Listener.Configuration.PromptManager.ReadValue(String argName, String description, Boolean secret, String defaultValue, Func`2 validator, Boolean unattended, Boolean isOptional)
   at GitHub.Runner.Listener.CommandSettings.GetArgOrPrompt(String name, String description, String defaultValue, Func`2 validator, Boolean isOptional)
   at GitHub.Runner.Listener.CommandSettings.GetRunnerDeletionToken()
   at GitHub.Runner.Listener.Configuration.ConfigurationManager.GetRunnerTokenAsync(CommandSettings command, String githubUrl, String tokenType)
   at GitHub.Runner.Listener.Configuration.ConfigurationManager.UnconfigureAsync(CommandSettings command)
   at GitHub.Runner.Listener.Runner.ExecuteCommand(CommandSettings command)
[2026-06-08 16:34:12Z ERR  Terminal] WRITE ERROR: Invalid configuration provided for token. Terminating unattended configuration.
[2026-06-08 16:34:12Z INFO Listener] Runner execution has finished with return code 1
