[2026-06-08 16:37:26Z INFO HostContext] No proxy settings were found based on environmental variables (http_proxy/https_proxy/HTTP_PROXY/HTTPS_PROXY)
[2026-06-08 16:37:26Z INFO HostContext] Well known directory 'Bin': 'C:\Users\mrbob\Desktop\devsopserver\actions-runner\bin'
[2026-06-08 16:37:26Z INFO HostContext] Well known directory 'Root': 'C:\Users\mrbob\Desktop\devsopserver\actions-runner'
[2026-06-08 16:37:26Z INFO HostContext] Well known config file 'Credentials': 'C:\Users\mrbob\Desktop\devsopserver\actions-runner\.credentials'
[2026-06-08 16:37:26Z INFO HostContext] Well known directory 'Bin': 'C:\Users\mrbob\Desktop\devsopserver\actions-runner\bin'
[2026-06-08 16:37:26Z INFO HostContext] Well known directory 'Root': 'C:\Users\mrbob\Desktop\devsopserver\actions-runner'
[2026-06-08 16:37:26Z INFO HostContext] Well known config file 'Runner': 'C:\Users\mrbob\Desktop\devsopserver\actions-runner\.runner'
[2026-06-08 16:37:26Z INFO Listener] Runner is built for Windows (X64) - win-x64.
[2026-06-08 16:37:26Z INFO Listener] RuntimeInformation: Microsoft Windows 10.0.26200.
[2026-06-08 16:37:26Z INFO Listener] Version: 2.334.0
[2026-06-08 16:37:26Z INFO Listener] Commit: f1995ede5d885c997d13d8eca5467c4ce97fe69c
[2026-06-08 16:37:26Z INFO Listener] Culture: en-US
[2026-06-08 16:37:26Z INFO Listener] UI Culture: en-US
[2026-06-08 16:37:26Z INFO HostContext] Well known directory 'Bin': 'C:\Users\mrbob\Desktop\devsopserver\actions-runner\bin'
[2026-06-08 16:37:26Z INFO HostContext] Well known directory 'Root': 'C:\Users\mrbob\Desktop\devsopserver\actions-runner'
[2026-06-08 16:37:26Z INFO Listener] Validating directory permissions for: 'C:\Users\mrbob\Desktop\devsopserver\actions-runner'
[2026-06-08 16:37:26Z INFO CommandLineParser] Parse
[2026-06-08 16:37:26Z INFO CommandLineParser] Parsing 1 args
[2026-06-08 16:37:26Z INFO CommandLineParser] parsing argument
[2026-06-08 16:37:26Z INFO CommandLineParser] HasArgs: False
[2026-06-08 16:37:26Z INFO CommandLineParser] Adding Command: remove
[2026-06-08 16:37:26Z INFO Listener] Arguments parsed
[2026-06-08 16:37:26Z INFO Runner] ExecuteCommand
[2026-06-08 16:37:26Z INFO ConfigurationStore] currentAssemblyLocation: C:\Users\mrbob\Desktop\devsopserver\actions-runner\bin\Runner.Listener.dll
[2026-06-08 16:37:26Z INFO HostContext] Well known directory 'Bin': 'C:\Users\mrbob\Desktop\devsopserver\actions-runner\bin'
[2026-06-08 16:37:26Z INFO ConfigurationStore] binPath: C:\Users\mrbob\Desktop\devsopserver\actions-runner\bin
[2026-06-08 16:37:26Z INFO HostContext] Well known directory 'Bin': 'C:\Users\mrbob\Desktop\devsopserver\actions-runner\bin'
[2026-06-08 16:37:26Z INFO HostContext] Well known directory 'Root': 'C:\Users\mrbob\Desktop\devsopserver\actions-runner'
[2026-06-08 16:37:26Z INFO ConfigurationStore] RootFolder: C:\Users\mrbob\Desktop\devsopserver\actions-runner
[2026-06-08 16:37:26Z INFO HostContext] Well known directory 'Bin': 'C:\Users\mrbob\Desktop\devsopserver\actions-runner\bin'
[2026-06-08 16:37:26Z INFO HostContext] Well known directory 'Root': 'C:\Users\mrbob\Desktop\devsopserver\actions-runner'
[2026-06-08 16:37:26Z INFO HostContext] Well known config file 'Runner': 'C:\Users\mrbob\Desktop\devsopserver\actions-runner\.runner'
[2026-06-08 16:37:26Z INFO ConfigurationStore] ConfigFilePath: C:\Users\mrbob\Desktop\devsopserver\actions-runner\.runner
[2026-06-08 16:37:26Z INFO HostContext] Well known directory 'Bin': 'C:\Users\mrbob\Desktop\devsopserver\actions-runner\bin'
[2026-06-08 16:37:26Z INFO HostContext] Well known directory 'Root': 'C:\Users\mrbob\Desktop\devsopserver\actions-runner'
[2026-06-08 16:37:26Z INFO HostContext] Well known config file 'MigratedRunner': 'C:\Users\mrbob\Desktop\devsopserver\actions-runner\.runner_migrated'
[2026-06-08 16:37:26Z INFO ConfigurationStore] MigratedConfigFilePath: C:\Users\mrbob\Desktop\devsopserver\actions-runner\.runner_migrated
[2026-06-08 16:37:26Z INFO HostContext] Well known directory 'Bin': 'C:\Users\mrbob\Desktop\devsopserver\actions-runner\bin'
[2026-06-08 16:37:26Z INFO HostContext] Well known directory 'Root': 'C:\Users\mrbob\Desktop\devsopserver\actions-runner'
[2026-06-08 16:37:26Z INFO HostContext] Well known config file 'Credentials': 'C:\Users\mrbob\Desktop\devsopserver\actions-runner\.credentials'
[2026-06-08 16:37:26Z INFO ConfigurationStore] CredFilePath: C:\Users\mrbob\Desktop\devsopserver\actions-runner\.credentials
[2026-06-08 16:37:26Z INFO HostContext] Well known directory 'Bin': 'C:\Users\mrbob\Desktop\devsopserver\actions-runner\bin'
[2026-06-08 16:37:26Z INFO HostContext] Well known directory 'Root': 'C:\Users\mrbob\Desktop\devsopserver\actions-runner'
[2026-06-08 16:37:26Z INFO HostContext] Well known config file 'MigratedCredentials': 'C:\Users\mrbob\Desktop\devsopserver\actions-runner\.credentials_migrated'
[2026-06-08 16:37:26Z INFO ConfigurationStore] MigratedCredFilePath: C:\Users\mrbob\Desktop\devsopserver\actions-runner\.credentials_migrated
[2026-06-08 16:37:26Z INFO HostContext] Well known directory 'Bin': 'C:\Users\mrbob\Desktop\devsopserver\actions-runner\bin'
[2026-06-08 16:37:26Z INFO HostContext] Well known directory 'Root': 'C:\Users\mrbob\Desktop\devsopserver\actions-runner'
[2026-06-08 16:37:26Z INFO HostContext] Well known config file 'Service': 'C:\Users\mrbob\Desktop\devsopserver\actions-runner\.service'
[2026-06-08 16:37:26Z INFO ConfigurationStore] ServiceConfigFilePath: C:\Users\mrbob\Desktop\devsopserver\actions-runner\.service
[2026-06-08 16:37:26Z INFO CommandSettings] Flag 'help': 'False'
[2026-06-08 16:37:26Z INFO CommandSettings] Flag 'version': 'False'
[2026-06-08 16:37:26Z INFO CommandSettings] Flag 'commit': 'False'
[2026-06-08 16:37:26Z INFO CommandSettings] Flag 'check': 'False'
[2026-06-08 16:37:26Z INFO CommandSettings] Command 'configure': 'False'
[2026-06-08 16:37:26Z INFO CommandSettings] Command 'remove': 'True'
[2026-06-08 16:37:26Z INFO CommandSettings] Flag 'local': 'False'
[2026-06-08 16:37:26Z INFO ConfigurationStore] IsServiceConfigured()
[2026-06-08 16:37:26Z INFO ConfigurationStore] IsServiceConfigured: False
[2026-06-08 16:37:26Z INFO ConfigurationStore] IsConfigured()
[2026-06-08 16:37:26Z INFO ConfigurationStore] IsConfigured: True
[2026-06-08 16:37:26Z INFO ConfigurationStore] HasCredentials()
[2026-06-08 16:37:26Z INFO ConfigurationStore] stored True
[2026-06-08 16:37:26Z INFO ConfigurationStore] Read setting file: 399 chars
[2026-06-08 16:37:26Z INFO CommandSettings] Arg 'token': ''
[2026-06-08 16:37:26Z INFO CommandSettings] Flag 'unattended': 'False'
[2026-06-08 16:37:26Z INFO PromptManager] ReadValue
[2026-06-08 16:37:26Z INFO Terminal] WRITE: Enter runner remove token: 
[2026-06-08 16:37:26Z INFO Terminal] READ SECRET
[2026-06-08 16:37:27Z INFO Terminal] Read value: ''
[2026-06-08 16:37:27Z INFO Terminal] WRITE: Enter runner remove token: 
[2026-06-08 16:37:27Z INFO Terminal] READ SECRET
[2026-06-08 16:38:02Z INFO Terminal] Read value: '***'
[2026-06-08 16:38:02Z ERR  Terminal] WRITE ERROR: Http response code: NotFound from 'POST https://api.github.com/actions/runner-registration' (Request Id: 5C35:AF871:D39FC8:DDF855:6A26EFE9)
[2026-06-08 16:38:02Z ERR  Terminal] WRITE ERROR: {"message":"Not Found","documentation_url":"https://docs.github.com/rest","status":"404"}
[2026-06-08 16:38:02Z ERR  Terminal] WRITE ERROR: Failed: Removing runner from the server
[2026-06-08 16:38:02Z ERR  Runner] S***stem.Net.Http.HttpRequestException: Response status code does not indicate success: 404 (Not Found).
   at S***stem.Net.Http.HttpResponseMessage.EnsureSuccessStatusCode()
   at GitHub.Runner.Listener.Configuration.ConfigurationManager.GetTenantCredential(String githubUrl, String githubToken, String runnerEvent)
   at GitHub.Runner.Listener.Configuration.ConfigurationManager.UnconfigureAs***nc(CommandSettings command)
   at GitHub.Runner.Listener.Runner.ExecuteCommand(CommandSettings command)
[2026-06-08 16:38:02Z ERR  Terminal] WRITE ERROR: Response status code does not indicate success: 404 (Not Found).
[2026-06-08 16:38:02Z INFO Listener] Runner execution has finished with return code 1
